// Jest Snapshot v1, https://goo.gl/fbAQLP

exports[`EventDetail snapshot should match snap shot 1`] = `ReactWrapper {}`;
