// Jest Snapshot v1, https://goo.gl/fbAQLP

exports[`SearchBox Component should match snap shot 1`] = `ReactWrapper {}`;
