// Jest Snapshot v1, https://goo.gl/fbAQLP

exports[`List Component should match Icon snap shot 1`] = `ShallowWrapper {}`;
