// Jest Snapshot v1, https://goo.gl/fbAQLP

exports[`Navigation Component render renders corectly 1`] = `ReactWrapper {}`;
