// Jest Snapshot v1, https://goo.gl/fbAQLP

exports[`Text Component render renders correctly 1`] = `ShallowWrapper {}`;
