// Jest Snapshot v1, https://goo.gl/fbAQLP

exports[`Jumbotron Component render renders Jumbotron without breaking 1`] = `ReactWrapper {}`;
