// Jest Snapshot v1, https://goo.gl/fbAQLP

exports[`Location Component render renders correctly 1`] = `ShallowWrapper {}`;

exports[`Location Component render renders correctly 2`] = `ShallowWrapper {}`;
