// Jest Snapshot v1, https://goo.gl/fbAQLP

exports[`renders App without breaking 1`] = `ShallowWrapper {}`;
