// Jest Snapshot v1, https://goo.gl/fbAQLP

exports[`Event Page render renders correctly 1`] = `ShallowWrapper {}`;
